[ECMWF-INFO -sbatch] - -------------------------------------------------------------------------------------
[ECMWF-INFO -sbatch] -  This is the ECMWF jobfilter
[ECMWF-INFO -sbatch] -  +++ Please report issues using the Support portal +++
[ECMWF-INFO -sbatch] -  +++ https://support.ecmwf.int                     +++
[ECMWF-INFO -sbatch] -  /usr/local/bin/ecsbatch: size: 54518, mtime: Thu Aug  6 13:29:49 2026
[ECMWF-INFO -sbatch] - -------------------------------------------------------------------------------------
[ECMWF-INFO -sbatch] - Time at submit: Thu Aug 13 15:24:30 2026 (1786634670.1891062) on ac6-100.bullx:/etc/ecmwf/nfs/dh1_home_a/cxjo/C3S_stuff/c3s_ecv_dataset_quality_monitoring/AtmPhysics/Precipitation/GIRAFE
[ECMWF-INFO -sbatch] - --- SLURM VARIABLES ---
[ECMWF-INFO -sbatch] - EC_CLUSTER=ac
[ECMWF-INFO -sbatch] - SLURM_EXPORT_ENV=ALL
[ECMWF-INFO -sbatch] - SBATCH_EXPORT=NONE
[ECMWF-INFO -sbatch] - -----------------------
[ECMWF-INFO -sbatch] - jobscript: /etc/ecmwf/nfs/dh1_home_a/cxjo/C3S_stuff/c3s_ecv_dataset_quality_monitoring/AtmPhysics/Precipitation/GIRAFE/compute_girafe_stats.slurm
[ECMWF-INFO -sbatch] - --- SCRIPT OPTIONS ---
[ECMWF-INFO -sbatch] - #SBATCH --job-name=girafe
[ECMWF-INFO -sbatch] - #SBATCH --time=24:00:00
[ECMWF-INFO -sbatch] - #SBATCH --cpus-per-task=8
[ECMWF-INFO -sbatch] - #SBATCH --mem=32G
[ECMWF-INFO -sbatch] - #SBATCH --output=girafe_%j.out
[ECMWF-INFO -sbatch] - -----------------------
[ECMWF-INFO -sbatch] - --- POST-PROCESSED OPTIONS ---
[ECMWF-INFO -sbatch] - ARG --positional=['compute_girafe_stats.slurm']
[ECMWF-INFO -sbatch] - ARG --cpus_per_task=8
[ECMWF-INFO -sbatch] - ARG --job_name=girafe
[ECMWF-INFO -sbatch] - ARG --output=girafe_%j.out
[ECMWF-INFO -sbatch] - ARG --time=24:00:00
[ECMWF-INFO -sbatch] - ARG --mem=32G
[ECMWF-INFO -sbatch] - ------------------------------
[ECMWF-INFO -sbatch] - No qos requested, assuming qos=nf
[ECMWF-INFO -sbatch] - jobtag: cxjo-girafe-1x8-/etc/ecmwf/nfs/dh1_home_a/cxjo/C3S_stuff/c3s_ecv_dataset_quality_monitoring/AtmPhysics/Precipitation/GIRAFE/girafe__JOBID_.out
[ECMWF-INFO -sbatch] - ------------------------------
[ECMWF-INFO -sbatch] - Average Walltime 526 with a Standard Deviation 0
[ECMWF-INFO -sbatch] - Runtime history
[ECMWF-INFO -sbatch] -   Date               | Cores   Cluster   Walltime       Mem
[ECMWF-INFO -sbatch] -   13.08.2026 - 13:10 | 8          ac         526        32G       
[ECMWF-INFO -sbatch] - ['/usr/bin/sbatch', '--cpus-per-task=8', '--job-name=girafe', '--output=girafe_%j.out', '--time=24:00:00', '--mem=32G', '--qos=nf', '--licenses=h2resw01', '--export=EC_user_time_limit=24:00:00', '/etc/ecmwf/nfs/dh1_home_a/cxjo/C3S_stuff/c3s_ecv_dataset_quality_monitoring/AtmPhysics/Precipitation/GIRAFE/compute_girafe_stats.slurm']
[ECMWF-INFO -sbatch] - sbatch executed on ac
[ECMWF-INFO -sbatch] - Job queued on ac using method local
[ECMWF-INFO -sbatch] - Submitted batch job 32231495
[ECMWF-INFO -ecprofile] /usr/bin/bash NON_INTERACTIVE on ac6-112 at 20260813_152444.806, PID: 378616, JOBID: 32231495
[ECMWF-INFO -ecprofile] $SCRATCH=/ec/res4/scratch/cxjo
[ECMWF-INFO -ecprofile] $PERM=/perm/cxjo
[ECMWF-INFO -ecprofile] $HPCPERM=/ec/res4/hpcperm/cxjo
[ECMWF-INFO -ecprofile] $TMPDIR=/etc/ecmwf/ssd/ssd1/tmpdirs/cxjo.32231495
[ECMWF-INFO -ecprofile] $SCRATCHDIR=/ec/res4/scratchdir/cxjo/7/32231495

Lmod is automatically replacing "prgenv/gnu" with "conda/26.1.1-3".

-------------------------------------------------------------------------------
There are messages associated with the following module(s):
-------------------------------------------------------------------------------

conda/26.1.1-3:
   Using conda effectively disables any other loaded modules. Use "module
   reset" to return to the default environment.

-------------------------------------------------------------------------------

WARNING: The MAMBA_ROOT_PREFIX environment variable is not set.
WARNING: This is required for mamba to work correctly as of 2.0.
WARNING: 
WARNING: For now, we are setting 'MAMBA_ROOT_PREFIX' to '/usr/local/apps/conda/26.1.1-3'.
WARNING: 
WARNING: Please make sure this is consistent with your installation or alternatively (by order of preference):
WARNING:   - rerun 'mamba shell init' to initialize mamba for your current shell
WARNING:   - manually set 'MAMBA_ROOT_PREFIX' to the root of your installation in your shell profile script.
WARNING:   - use the '-r,--root-prefix' CLI option when calling mamba.
WARNING: 
WARNING: This message originates from /usr/local/apps/conda/26.1.1-3/etc/profile.d/mamba.sh
Computing stats for daily data, saving to GIRAFE_daily_stats.nc
Computing missing values for all files, this might take a while...
Writing missing values to GIRAFE_daily_missing.nc
File was written successfully.
Computing stats for all files...
[ECMWF-INFO -ecepilog] ----------------------------------------------------------------------------------------------------
[ECMWF-INFO -ecepilog] This is the ECMWF job Epilogue
[ECMWF-INFO -ecepilog] +++ Please report issues using the Support portal +++
[ECMWF-INFO -ecepilog] +++ https://support.ecmwf.int                     +++
[ECMWF-INFO -ecepilog] ----------------------------------------------------------------------------------------------------
[ECMWF-INFO -ecepilog] Run at 2026-08-13T15:34:59 on ac
[ECMWF-INFO -ecepilog] JobName                   : girafe
[ECMWF-INFO -ecepilog] JobID                     : 32231495
[ECMWF-INFO -ecepilog] Submit                    : 2026-08-13T15:24:30
[ECMWF-INFO -ecepilog] Start                     : 2026-08-13T15:24:41
[ECMWF-INFO -ecepilog] End                       : 2026-08-13T15:34:59
[ECMWF-INFO -ecepilog] QueuedTime                : 11.0
[ECMWF-INFO -ecepilog] ElapsedRaw                : 618
[ECMWF-INFO -ecepilog] ExitCode                  : 0:0
[ECMWF-INFO -ecepilog] DerivedExitCode           : 0:0
[ECMWF-INFO -ecepilog] State                     : COMPLETED
[ECMWF-INFO -ecepilog] Account                   : ecc3s
[ECMWF-INFO -ecepilog] QOS                       : nf
[ECMWF-INFO -ecepilog] User                      : cxjo
[ECMWF-INFO -ecepilog] StdOut                    : /etc/ecmwf/nfs/dh1_home_a/cxjo/C3S_stuff/c3s_ecv_dataset_quality_monitoring/AtmPhysics/Precipitation/GIRAFE/girafe_32231495.out
[ECMWF-INFO -ecepilog] StdErr                    : /etc/ecmwf/nfs/dh1_home_a/cxjo/C3S_stuff/c3s_ecv_dataset_quality_monitoring/AtmPhysics/Precipitation/GIRAFE/girafe_32231495.out
[ECMWF-INFO -ecepilog] NNodes                    : 1
[ECMWF-INFO -ecepilog] NCPUS                     : 8
[ECMWF-INFO -ecepilog] SBU                       : 11.717
[ECMWF-INFO -ecepilog] jobtag                    : cxjo-girafe-1x8-/etc/ecmwf/nfs/dh1_home_a/cxjo/C3S_stuff/c3s_ecv_dataset_quality_monitoring/AtmPhysics/Precipitation/GIRAFE/girafe__JOBID_.out
[ECMWF-INFO -ecepilog] ----------------------------------------------------------------------------------------------------

